🌅 Generating intelligent morning briefing...

📝 Briefing text:
Good morning, Andler! Here's your strategic overview for today. 
What Happened Yesterday: ALYGN: GitHub: , between Intention-Alliance/align-core-infra,Intention-Alliance/license-app,Intention-Alliance/docs,Intention-Alliance/examples,AndlerRL/ai-agents-server,AndlerRL/ai-powered-creative-hub repositories. BitcashOrg: 0 commits. 
Priorities For Today: ALYGN: Push code updates or review pending tasks. BitcashOrg: Review repository status and plan next steps. 
Opportunities To Consider: BitcashOrg could benefit from a development sprint. Schedule focus time this week. 
Questions For You: When would you like to tackle the Bitcash migration? What's your main focus for the next 8 hours? 
Let's make it count today!


🔊 Converting to audio...
🎙️  Generating speech with Piper...
size=     185KiB time=00:00:16.96 bitrate=  89.5kbits/s speed=63.7x elapsed=0:00:00.26    
✅ Audio generated: /home/andlersrv/.openclaw/workspace/daily-reports/audio/2026-02-25-briefing.ogg (fast profile, 188K)
✅ Audio ready: /home/andlersrv/.openclaw/workspace/daily-reports/audio/2026-02-25-briefing.ogg
## ✅ Daily Briefing Generated

**Time:** 2026-02-25T14:18:18.621Z
**Type:** morning-briefing
**Level:** SUCCESS

### Summary
Intelligent briefing with strategic insights

### Details
```json
{
  "audioFile": "/home/andlersrv/.openclaw/workspace/daily-reports/audio/2026-02-25-briefing.ogg",
  "textLength": 717,
  "includesQuestions": false
}
```

---



📱 Sending to WhatsApp...
│
◇  Doctor changes ──────────────────────────────╮
│                                               │
│  WhatsApp configured, enabled automatically.  │
│                                               │
├───────────────────────────────────────────────╯
│
◇  Unknown config keys ─────────╮
│                               │
│  - channels.whatsapp.enabled  │
│                               │
├───────────────────────────────╯
│
◇  Doctor ──────────────────────────────────────────────╮
│                                                       │
│  Run "openclaw doctor --fix" to apply these changes.  │
│  Run "openclaw doctor --fix" to remove these keys.    │
│                                                       │
├───────────────────────────────────────────────────────╯
✅ Sent via gateway (whatsapp). Message ID: 3EB03A30E638BD0366036E
✅ Briefing sent successfully!
